// Jest Snapshot v1, https://goo.gl/fbAQLP

exports[`SearchButton  should be rendered correctly 1`] = `
.c0 {
  -webkit-box-flex: 0.5;
  -webkit-flex-grow: 0.5;
  -ms-flex-positive: 0.5;
  flex-grow: 0.5;
  background-color: #F65261;
  border: none;
  border-radius: 4px;
  text-transform: uppercase;
  color: #FFFFFF;
  padding: 15px 60px;
  text-align: center;
  font-size: 16px;
}

<button
  className="c0"
>
  Search
</button>
`;
