// Jest Snapshot v1, https://goo.gl/fbAQLP

exports[`SubTitle  should be rendered correctly 1`] = `
.c0 {
  text-transform: uppercase;
  color: #FFFFFF;
  margin-right: 10px;
}

<h4
  className="c0"
>
  Any subtitle
</h4>
`;
