// Jest Snapshot v1, https://goo.gl/fbAQLP

exports[`MovieListStyled should be rendered correctly 1`] = `
.c0 {
  display: grid;
  grid-template-columns: repeat(3,1fr);
  grid-row-gap: 50px;
  grid-column-gap: 90px;
  padding: 70px 100px;
}

<div
  className="c0"
/>
`;
